// Jest Snapshot v1, https://goo.gl/fbAQLP

exports[`matches snapshot 1`] = `
<DocumentFragment>
  <form>
    <div
      class="MuiGrid-root makeStyles-grid-3 MuiGrid-container MuiGrid-spacing-xs-6"
    >
      <div
        class="MuiGrid-root makeStyles-datePicker-4 MuiGrid-item"
      >
        <div>
          <div
            class="react-datepicker"
          >
            <div
              class="react-datepicker__triangle"
            />
            <button
              aria-label="Previous Month"
              class="react-datepicker__navigation react-datepicker__navigation--previous"
              type="button"
            >
              Previous Month
            </button>
            <button
              aria-label="Next Month"
              class="react-datepicker__navigation react-datepicker__navigation--next react-datepicker__navigation--next--with-time"
              type="button"
            >
              Next Month
            </button>
            <div
              class="react-datepicker__month-container"
            >
              <div
                class="react-datepicker__header"
              >
                <div
                  class="react-datepicker__current-month"
                >
                  October 2020
                </div>
                <div
                  class="react-datepicker__header__dropdown react-datepicker__header__dropdown--scroll"
                />
                <div
                  class="react-datepicker__day-names"
                >
                  <div
                    class="react-datepicker__day-name"
                  >
                    Su
                  </div>
                  <div
                    class="react-datepicker__day-name"
                  >
                    Mo
                  </div>
                  <div
                    class="react-datepicker__day-name"
                  >
                    Tu
                  </div>
                  <div
                    class="react-datepicker__day-name"
                  >
                    We
                  </div>
                  <div
                    class="react-datepicker__day-name"
                  >
                    Th
                  </div>
                  <div
                    class="react-datepicker__day-name"
                  >
                    Fr
                  </div>
                  <div
                    class="react-datepicker__day-name"
                  >
                    Sa
                  </div>
                </div>
              </div>
              <div
                aria-label="month  2020-10"
                class="react-datepicker__month"
              >
                <div
                  class="react-datepicker__week"
                >
                  <div
                    aria-disabled="false"
                    aria-label="Choose Sunday, September 27th, 2020"
                    class="react-datepicker__day react-datepicker__day--027 react-datepicker__day--weekend react-datepicker__day--outside-month"
                    role="button"
                    tabindex="-1"
                  >
                    27
                  </div>
                  <div
                    aria-disabled="false"
                    aria-label="Choose Monday, September 28th, 2020"
                    class="react-datepicker__day react-datepicker__day--028 react-datepicker__day--outside-month"
                    role="button"
                    tabindex="-1"
                  >
                    28
                  </div>
                  <div
                    aria-disabled="false"
                    aria-label="Choose Tuesday, September 29th, 2020"
                    class="react-datepicker__day react-datepicker__day--029 react-datepicker__day--outside-month"
                    role="button"
                    tabindex="-1"
                  >
                    29
                  </div>
                  <div
                    aria-disabled="false"
                    aria-label="Choose Wednesday, September 30th, 2020"
                    class="react-datepicker__day react-datepicker__day--030 react-datepicker__day--outside-month"
                    role="button"
                    tabindex="-1"
                  >
                    30
                  </div>
                  <div
                    aria-disabled="false"
                    aria-label="Choose Thursday, October 1st, 2020"
                    class="react-datepicker__day react-datepicker__day--001"
                    role="button"
                    tabindex="-1"
                  >
                    1
                  </div>
                  <div
                    aria-disabled="false"
                    aria-label="Choose Friday, October 2nd, 2020"
                    class="react-datepicker__day react-datepicker__day--002"
                    role="button"
                    tabindex="-1"
                  >
                    2
                  </div>
                  <div
                    aria-disabled="false"
                    aria-label="Choose Saturday, October 3rd, 2020"
                    class="react-datepicker__day react-datepicker__day--003 react-datepicker__day--weekend"
                    role="button"
                    tabindex="-1"
                  >
                    3
                  </div>
                </div>
                <div
                  class="react-datepicker__week"
                >
                  <div
                    aria-disabled="false"
                    aria-label="Choose Sunday, October 4th, 2020"
                    class="react-datepicker__day react-datepicker__day--004 react-datepicker__day--weekend"
                    role="button"
                    tabindex="-1"
                  >
                    4
                  </div>
                  <div
                    aria-disabled="false"
                    aria-label="Choose Monday, October 5th, 2020"
                    class="react-datepicker__day react-datepicker__day--005"
                    role="button"
                    tabindex="-1"
                  >
                    5
                  </div>
                  <div
                    aria-disabled="false"
                    aria-label="Choose Tuesday, October 6th, 2020"
                    class="react-datepicker__day react-datepicker__day--006"
                    role="button"
                    tabindex="-1"
                  >
                    6
                  </div>
                  <div
                    aria-disabled="false"
                    aria-label="Choose Wednesday, October 7th, 2020"
                    class="react-datepicker__day react-datepicker__day--007"
                    role="button"
                    tabindex="-1"
                  >
                    7
                  </div>
                  <div
                    aria-disabled="false"
                    aria-label="Choose Thursday, October 8th, 2020"
                    class="react-datepicker__day react-datepicker__day--008"
                    role="button"
                    tabindex="-1"
                  >
                    8
                  </div>
                  <div
                    aria-disabled="false"
                    aria-label="Choose Friday, October 9th, 2020"
                    class="react-datepicker__day react-datepicker__day--009"
                    role="button"
                    tabindex="-1"
                  >
                    9
                  </div>
                  <div
                    aria-disabled="false"
                    aria-label="Choose Saturday, October 10th, 2020"
                    class="react-datepicker__day react-datepicker__day--010 react-datepicker__day--weekend"
                    role="button"
                    tabindex="-1"
                  >
                    10
                  </div>
                </div>
                <div
                  class="react-datepicker__week"
                >
                  <div
                    aria-disabled="false"
                    aria-label="Choose Sunday, October 11th, 2020"
                    class="react-datepicker__day react-datepicker__day--011 react-datepicker__day--weekend"
                    role="button"
                    tabindex="-1"
                  >
                    11
                  </div>
                  <div
                    aria-disabled="false"
                    aria-label="Choose Monday, October 12th, 2020"
                    class="react-datepicker__day react-datepicker__day--012"
                    role="button"
                    tabindex="-1"
                  >
                    12
                  </div>
                  <div
                    aria-disabled="false"
                    aria-label="Choose Tuesday, October 13th, 2020"
                    class="react-datepicker__day react-datepicker__day--013"
                    role="button"
                    tabindex="-1"
                  >
                    13
                  </div>
                  <div
                    aria-disabled="false"
                    aria-label="Choose Wednesday, October 14th, 2020"
                    class="react-datepicker__day react-datepicker__day--014"
                    role="button"
                    tabindex="-1"
                  >
                    14
                  </div>
                  <div
                    aria-disabled="false"
                    aria-label="Choose Thursday, October 15th, 2020"
                    class="react-datepicker__day react-datepicker__day--015"
                    role="button"
                    tabindex="-1"
                  >
                    15
                  </div>
                  <div
                    aria-disabled="false"
                    aria-label="Choose Friday, October 16th, 2020"
                    class="react-datepicker__day react-datepicker__day--016"
                    role="button"
                    tabindex="-1"
                  >
                    16
                  </div>
                  <div
                    aria-disabled="false"
                    aria-label="Choose Saturday, October 17th, 2020"
                    class="react-datepicker__day react-datepicker__day--017 react-datepicker__day--weekend"
                    role="button"
                    tabindex="-1"
                  >
                    17
                  </div>
                </div>
                <div
                  class="react-datepicker__week"
                >
                  <div
                    aria-disabled="false"
                    aria-label="Choose Sunday, October 18th, 2020"
                    class="react-datepicker__day react-datepicker__day--018 react-datepicker__day--keyboard-selected react-datepicker__day--today react-datepicker__day--weekend"
                    role="button"
                    tabindex="0"
                  >
                    18
                  </div>
                  <div
                    aria-disabled="false"
                    aria-label="Choose Monday, October 19th, 2020"
                    class="react-datepicker__day react-datepicker__day--019"
                    role="button"
                    tabindex="-1"
                  >
                    19
                  </div>
                  <div
                    aria-disabled="false"
                    aria-label="Choose Tuesday, October 20th, 2020"
                    class="react-datepicker__day react-datepicker__day--020"
                    role="button"
                    tabindex="-1"
                  >
                    20
                  </div>
                  <div
                    aria-disabled="false"
                    aria-label="Choose Wednesday, October 21st, 2020"
                    class="react-datepicker__day react-datepicker__day--021"
                    role="button"
                    tabindex="-1"
                  >
                    21
                  </div>
                  <div
                    aria-disabled="false"
                    aria-label="Choose Thursday, October 22nd, 2020"
                    class="react-datepicker__day react-datepicker__day--022"
                    role="button"
                    tabindex="-1"
                  >
                    22
                  </div>
                  <div
                    aria-disabled="false"
                    aria-label="Choose Friday, October 23rd, 2020"
                    class="react-datepicker__day react-datepicker__day--023"
                    role="button"
                    tabindex="-1"
                  >
                    23
                  </div>
                  <div
                    aria-disabled="false"
                    aria-label="Choose Saturday, October 24th, 2020"
                    class="react-datepicker__day react-datepicker__day--024 react-datepicker__day--weekend"
                    role="button"
                    tabindex="-1"
                  >
                    24
                  </div>
                </div>
                <div
                  class="react-datepicker__week"
                >
                  <div
                    aria-disabled="false"
                    aria-label="Choose Sunday, October 25th, 2020"
                    class="react-datepicker__day react-datepicker__day--025 react-datepicker__day--weekend"
                    role="button"
                    tabindex="-1"
                  >
                    25
                  </div>
                  <div
                    aria-disabled="false"
                    aria-label="Choose Monday, October 26th, 2020"
                    class="react-datepicker__day react-datepicker__day--026"
                    role="button"
                    tabindex="-1"
                  >
                    26
                  </div>
                  <div
                    aria-disabled="false"
                    aria-label="Choose Tuesday, October 27th, 2020"
                    class="react-datepicker__day react-datepicker__day--027"
                    role="button"
                    tabindex="-1"
                  >
                    27
                  </div>
                  <div
                    aria-disabled="false"
                    aria-label="Choose Wednesday, October 28th, 2020"
                    class="react-datepicker__day react-datepicker__day--028"
                    role="button"
                    tabindex="-1"
                  >
                    28
                  </div>
                  <div
                    aria-disabled="false"
                    aria-label="Choose Thursday, October 29th, 2020"
                    class="react-datepicker__day react-datepicker__day--029"
                    role="button"
                    tabindex="-1"
                  >
                    29
                  </div>
                  <div
                    aria-disabled="false"
                    aria-label="Choose Friday, October 30th, 2020"
                    class="react-datepicker__day react-datepicker__day--030"
                    role="button"
                    tabindex="-1"
                  >
                    30
                  </div>
                  <div
                    aria-disabled="false"
                    aria-label="Choose Saturday, October 31st, 2020"
                    class="react-datepicker__day react-datepicker__day--031 react-datepicker__day--weekend"
                    role="button"
                    tabindex="-1"
                  >
                    31
                  </div>
                </div>
              </div>
            </div>
            <div
              class="react-datepicker__time-container "
            >
              <div
                class="react-datepicker__header react-datepicker__header--time"
              >
                <div
                  class="react-datepicker-time__header"
                >
                  Time
                </div>
              </div>
              <div
                class="react-datepicker__time"
              >
                <div
                  class="react-datepicker__time-box"
                >
                  <ul
                    class="react-datepicker__time-list"
                  >
                    <li
                      class="react-datepicker__time-list-item "
                    >
                      12:00 AM
                    </li>
                    <li
                      class="react-datepicker__time-list-item "
                    >
                      12:15 AM
                    </li>
                    <li
                      class="react-datepicker__time-list-item "
                    >
                      12:30 AM
                    </li>
                    <li
                      class="react-datepicker__time-list-item "
                    >
                      12:45 AM
                    </li>
                    <li
                      class="react-datepicker__time-list-item "
                    >
                      1:00 AM
                    </li>
                    <li
                      class="react-datepicker__time-list-item "
                    >
                      1:15 AM
                    </li>
                    <li
                      class="react-datepicker__time-list-item "
                    >
                      1:30 AM
                    </li>
                    <li
                      class="react-datepicker__time-list-item "
                    >
                      1:45 AM
                    </li>
                    <li
                      class="react-datepicker__time-list-item "
                    >
                      2:00 AM
                    </li>
                    <li
                      class="react-datepicker__time-list-item "
                    >
                      2:15 AM
                    </li>
                    <li
                      class="react-datepicker__time-list-item "
                    >
                      2:30 AM
                    </li>
                    <li
                      class="react-datepicker__time-list-item "
                    >
                      2:45 AM
                    </li>
                    <li
                      class="react-datepicker__time-list-item "
                    >
                      3:00 AM
                    </li>
                    <li
                      class="react-datepicker__time-list-item "
                    >
                      3:15 AM
                    </li>
                    <li
                      class="react-datepicker__time-list-item "
                    >
                      3:30 AM
                    </li>
                    <li
                      class="react-datepicker__time-list-item "
                    >
                      3:45 AM
                    </li>
                    <li
                      class="react-datepicker__time-list-item "
                    >
                      4:00 AM
                    </li>
                    <li
                      class="react-datepicker__time-list-item "
                    >
                      4:15 AM
                    </li>
                    <li
                      class="react-datepicker__time-list-item "
                    >
                      4:30 AM
                    </li>
                    <li
                      class="react-datepicker__time-list-item "
                    >
                      4:45 AM
                    </li>
                    <li
                      class="react-datepicker__time-list-item "
                    >
                      5:00 AM
                    </li>
                    <li
                      class="react-datepicker__time-list-item "
                    >
                      5:15 AM
                    </li>
                    <li
                      class="react-datepicker__time-list-item "
                    >
                      5:30 AM
                    </li>
                    <li
                      class="react-datepicker__time-list-item "
                    >
                      5:45 AM
                    </li>
                    <li
                      class="react-datepicker__time-list-item "
                    >
                      6:00 AM
                    </li>
                    <li
                      class="react-datepicker__time-list-item "
                    >
                      6:15 AM
                    </li>
                    <li
                      class="react-datepicker__time-list-item "
                    >
                      6:30 AM
                    </li>
                    <li
                      class="react-datepicker__time-list-item "
                    >
                      6:45 AM
                    </li>
                    <li
                      class="react-datepicker__time-list-item "
                    >
                      7:00 AM
                    </li>
                    <li
                      class="react-datepicker__time-list-item "
                    >
                      7:15 AM
                    </li>
                    <li
                      class="react-datepicker__time-list-item "
                    >
                      7:30 AM
                    </li>
                    <li
                      class="react-datepicker__time-list-item "
                    >
                      7:45 AM
                    </li>
                    <li
                      class="react-datepicker__time-list-item "
                    >
                      8:00 AM
                    </li>
                    <li
                      class="react-datepicker__time-list-item "
                    >
                      8:15 AM
                    </li>
                    <li
                      class="react-datepicker__time-list-item "
                    >
                      8:30 AM
                    </li>
                    <li
                      class="react-datepicker__time-list-item "
                    >
                      8:45 AM
                    </li>
                    <li
                      class="react-datepicker__time-list-item "
                    >
                      9:00 AM
                    </li>
                    <li
                      class="react-datepicker__time-list-item "
                    >
                      9:15 AM
                    </li>
                    <li
                      class="react-datepicker__time-list-item "
                    >
                      9:30 AM
                    </li>
                    <li
                      class="react-datepicker__time-list-item "
                    >
                      9:45 AM
                    </li>
                    <li
                      class="react-datepicker__time-list-item "
                    >
                      10:00 AM
                    </li>
                    <li
                      class="react-datepicker__time-list-item "
                    >
                      10:15 AM
                    </li>
                    <li
                      class="react-datepicker__time-list-item "
                    >
                      10:30 AM
                    </li>
                    <li
                      class="react-datepicker__time-list-item "
                    >
                      10:45 AM
                    </li>
                    <li
                      class="react-datepicker__time-list-item "
                    >
                      11:00 AM
                    </li>
                    <li
                      class="react-datepicker__time-list-item "
                    >
                      11:15 AM
                    </li>
                    <li
                      class="react-datepicker__time-list-item "
                    >
                      11:30 AM
                    </li>
                    <li
                      class="react-datepicker__time-list-item "
                    >
                      11:45 AM
                    </li>
                    <li
                      class="react-datepicker__time-list-item "
                    >
                      12:00 PM
                    </li>
                    <li
                      class="react-datepicker__time-list-item "
                    >
                      12:15 PM
                    </li>
                    <li
                      class="react-datepicker__time-list-item "
                    >
                      12:30 PM
                    </li>
                    <li
                      class="react-datepicker__time-list-item "
                    >
                      12:45 PM
                    </li>
                    <li
                      class="react-datepicker__time-list-item "
                    >
                      1:00 PM
                    </li>
                    <li
                      class="react-datepicker__time-list-item "
                    >
                      1:15 PM
                    </li>
                    <li
                      class="react-datepicker__time-list-item "
                    >
                      1:30 PM
                    </li>
                    <li
                      class="react-datepicker__time-list-item "
                    >
                      1:45 PM
                    </li>
                    <li
                      class="react-datepicker__time-list-item "
                    >
                      2:00 PM
                    </li>
                    <li
                      class="react-datepicker__time-list-item "
                    >
                      2:15 PM
                    </li>
                    <li
                      class="react-datepicker__time-list-item "
                    >
                      2:30 PM
                    </li>
                    <li
                      class="react-datepicker__time-list-item "
                    >
                      2:45 PM
                    </li>
                    <li
                      class="react-datepicker__time-list-item "
                    >
                      3:00 PM
                    </li>
                    <li
                      class="react-datepicker__time-list-item "
                    >
                      3:15 PM
                    </li>
                    <li
                      class="react-datepicker__time-list-item "
                    >
                      3:30 PM
                    </li>
                    <li
                      class="react-datepicker__time-list-item "
                    >
                      3:45 PM
                    </li>
                    <li
                      class="react-datepicker__time-list-item "
                    >
                      4:00 PM
                    </li>
                    <li
                      class="react-datepicker__time-list-item "
                    >
                      4:15 PM
                    </li>
                    <li
                      class="react-datepicker__time-list-item "
                    >
                      4:30 PM
                    </li>
                    <li
                      class="react-datepicker__time-list-item "
                    >
                      4:45 PM
                    </li>
                    <li
                      class="react-datepicker__time-list-item "
                    >
                      5:00 PM
                    </li>
                    <li
                      class="react-datepicker__time-list-item "
                    >
                      5:15 PM
                    </li>
                    <li
                      class="react-datepicker__time-list-item "
                    >
                      5:30 PM
                    </li>
                    <li
                      class="react-datepicker__time-list-item "
                    >
                      5:45 PM
                    </li>
                    <li
                      class="react-datepicker__time-list-item "
                    >
                      6:00 PM
                    </li>
                    <li
                      class="react-datepicker__time-list-item "
                    >
                      6:15 PM
                    </li>
                    <li
                      class="react-datepicker__time-list-item "
                    >
                      6:30 PM
                    </li>
                    <li
                      class="react-datepicker__time-list-item "
                    >
                      6:45 PM
                    </li>
                    <li
                      class="react-datepicker__time-list-item "
                    >
                      7:00 PM
                    </li>
                    <li
                      class="react-datepicker__time-list-item "
                    >
                      7:15 PM
                    </li>
                    <li
                      class="react-datepicker__time-list-item "
                    >
                      7:30 PM
                    </li>
                    <li
                      class="react-datepicker__time-list-item "
                    >
                      7:45 PM
                    </li>
                    <li
                      class="react-datepicker__time-list-item "
                    >
                      8:00 PM
                    </li>
                    <li
                      class="react-datepicker__time-list-item "
                    >
                      8:15 PM
                    </li>
                    <li
                      class="react-datepicker__time-list-item "
                    >
                      8:30 PM
                    </li>
                    <li
                      class="react-datepicker__time-list-item "
                    >
                      8:45 PM
                    </li>
                    <li
                      class="react-datepicker__time-list-item "
                    >
                      9:00 PM
                    </li>
                    <li
                      class="react-datepicker__time-list-item "
                    >
                      9:15 PM
                    </li>
                    <li
                      class="react-datepicker__time-list-item "
                    >
                      9:30 PM
                    </li>
                    <li
                      class="react-datepicker__time-list-item "
                    >
                      9:45 PM
                    </li>
                    <li
                      class="react-datepicker__time-list-item "
                    >
                      10:00 PM
                    </li>
                    <li
                      class="react-datepicker__time-list-item "
                    >
                      10:15 PM
                    </li>
                    <li
                      class="react-datepicker__time-list-item "
                    >
                      10:30 PM
                    </li>
                    <li
                      class="react-datepicker__time-list-item "
                    >
                      10:45 PM
                    </li>
                    <li
                      class="react-datepicker__time-list-item "
                    >
                      11:00 PM
                    </li>
                    <li
                      class="react-datepicker__time-list-item "
                    >
                      11:15 PM
                    </li>
                    <li
                      class="react-datepicker__time-list-item "
                    >
                      11:30 PM
                    </li>
                    <li
                      class="react-datepicker__time-list-item "
                    >
                      11:45 PM
                    </li>
                  </ul>
                </div>
              </div>
            </div>
          </div>
        </div>
      </div>
      <div
        class="MuiGrid-root date-picker MuiGrid-item"
      >
        <div>
          <div
            class="react-datepicker"
          >
            <div
              class="react-datepicker__triangle"
            />
            <button
              aria-label="Previous Month"
              class="react-datepicker__navigation react-datepicker__navigation--previous"
              type="button"
            >
              Previous Month
            </button>
            <button
              aria-label="Next Month"
              class="react-datepicker__navigation react-datepicker__navigation--next react-datepicker__navigation--next--with-time"
              type="button"
            >
              Next Month
            </button>
            <div
              class="react-datepicker__month-container"
            >
              <div
                class="react-datepicker__header"
              >
                <div
                  class="react-datepicker__current-month"
                >
                  October 2020
                </div>
                <div
                  class="react-datepicker__header__dropdown react-datepicker__header__dropdown--scroll"
                />
                <div
                  class="react-datepicker__day-names"
                >
                  <div
                    class="react-datepicker__day-name"
                  >
                    Su
                  </div>
                  <div
                    class="react-datepicker__day-name"
                  >
                    Mo
                  </div>
                  <div
                    class="react-datepicker__day-name"
                  >
                    Tu
                  </div>
                  <div
                    class="react-datepicker__day-name"
                  >
                    We
                  </div>
                  <div
                    class="react-datepicker__day-name"
                  >
                    Th
                  </div>
                  <div
                    class="react-datepicker__day-name"
                  >
                    Fr
                  </div>
                  <div
                    class="react-datepicker__day-name"
                  >
                    Sa
                  </div>
                </div>
              </div>
              <div
                aria-label="month  2020-10"
                class="react-datepicker__month"
              >
                <div
                  class="react-datepicker__week"
                >
                  <div
                    aria-disabled="false"
                    aria-label="Choose Sunday, September 27th, 2020"
                    class="react-datepicker__day react-datepicker__day--027 react-datepicker__day--weekend react-datepicker__day--outside-month"
                    role="button"
                    tabindex="-1"
                  >
                    27
                  </div>
                  <div
                    aria-disabled="false"
                    aria-label="Choose Monday, September 28th, 2020"
                    class="react-datepicker__day react-datepicker__day--028 react-datepicker__day--outside-month"
                    role="button"
                    tabindex="-1"
                  >
                    28
                  </div>
                  <div
                    aria-disabled="false"
                    aria-label="Choose Tuesday, September 29th, 2020"
                    class="react-datepicker__day react-datepicker__day--029 react-datepicker__day--outside-month"
                    role="button"
                    tabindex="-1"
                  >
                    29
                  </div>
                  <div
                    aria-disabled="false"
                    aria-label="Choose Wednesday, September 30th, 2020"
                    class="react-datepicker__day react-datepicker__day--030 react-datepicker__day--outside-month"
                    role="button"
                    tabindex="-1"
                  >
                    30
                  </div>
                  <div
                    aria-disabled="false"
                    aria-label="Choose Thursday, October 1st, 2020"
                    class="react-datepicker__day react-datepicker__day--001"
                    role="button"
                    tabindex="-1"
                  >
                    1
                  </div>
                  <div
                    aria-disabled="false"
                    aria-label="Choose Friday, October 2nd, 2020"
                    class="react-datepicker__day react-datepicker__day--002"
                    role="button"
                    tabindex="-1"
                  >
                    2
                  </div>
                  <div
                    aria-disabled="false"
                    aria-label="Choose Saturday, October 3rd, 2020"
                    class="react-datepicker__day react-datepicker__day--003 react-datepicker__day--weekend"
                    role="button"
                    tabindex="-1"
                  >
                    3
                  </div>
                </div>
                <div
                  class="react-datepicker__week"
                >
                  <div
                    aria-disabled="false"
                    aria-label="Choose Sunday, October 4th, 2020"
                    class="react-datepicker__day react-datepicker__day--004 react-datepicker__day--weekend"
                    role="button"
                    tabindex="-1"
                  >
                    4
                  </div>
                  <div
                    aria-disabled="false"
                    aria-label="Choose Monday, October 5th, 2020"
                    class="react-datepicker__day react-datepicker__day--005"
                    role="button"
                    tabindex="-1"
                  >
                    5
                  </div>
                  <div
                    aria-disabled="false"
                    aria-label="Choose Tuesday, October 6th, 2020"
                    class="react-datepicker__day react-datepicker__day--006"
                    role="button"
                    tabindex="-1"
                  >
                    6
                  </div>
                  <div
                    aria-disabled="false"
                    aria-label="Choose Wednesday, October 7th, 2020"
                    class="react-datepicker__day react-datepicker__day--007"
                    role="button"
                    tabindex="-1"
                  >
                    7
                  </div>
                  <div
                    aria-disabled="false"
                    aria-label="Choose Thursday, October 8th, 2020"
                    class="react-datepicker__day react-datepicker__day--008"
                    role="button"
                    tabindex="-1"
                  >
                    8
                  </div>
                  <div
                    aria-disabled="false"
                    aria-label="Choose Friday, October 9th, 2020"
                    class="react-datepicker__day react-datepicker__day--009"
                    role="button"
                    tabindex="-1"
                  >
                    9
                  </div>
                  <div
                    aria-disabled="false"
                    aria-label="Choose Saturday, October 10th, 2020"
                    class="react-datepicker__day react-datepicker__day--010 react-datepicker__day--weekend"
                    role="button"
                    tabindex="-1"
                  >
                    10
                  </div>
                </div>
                <div
                  class="react-datepicker__week"
                >
                  <div
                    aria-disabled="false"
                    aria-label="Choose Sunday, October 11th, 2020"
                    class="react-datepicker__day react-datepicker__day--011 react-datepicker__day--weekend"
                    role="button"
                    tabindex="-1"
                  >
                    11
                  </div>
                  <div
                    aria-disabled="false"
                    aria-label="Choose Monday, October 12th, 2020"
                    class="react-datepicker__day react-datepicker__day--012"
                    role="button"
                    tabindex="-1"
                  >
                    12
                  </div>
                  <div
                    aria-disabled="false"
                    aria-label="Choose Tuesday, October 13th, 2020"
                    class="react-datepicker__day react-datepicker__day--013"
                    role="button"
                    tabindex="-1"
                  >
                    13
                  </div>
                  <div
                    aria-disabled="false"
                    aria-label="Choose Wednesday, October 14th, 2020"
                    class="react-datepicker__day react-datepicker__day--014"
                    role="button"
                    tabindex="-1"
                  >
                    14
                  </div>
                  <div
                    aria-disabled="false"
                    aria-label="Choose Thursday, October 15th, 2020"
                    class="react-datepicker__day react-datepicker__day--015"
                    role="button"
                    tabindex="-1"
                  >
                    15
                  </div>
                  <div
                    aria-disabled="false"
                    aria-label="Choose Friday, October 16th, 2020"
                    class="react-datepicker__day react-datepicker__day--016"
                    role="button"
                    tabindex="-1"
                  >
                    16
                  </div>
                  <div
                    aria-disabled="false"
                    aria-label="Choose Saturday, October 17th, 2020"
                    class="react-datepicker__day react-datepicker__day--017 react-datepicker__day--weekend"
                    role="button"
                    tabindex="-1"
                  >
                    17
                  </div>
                </div>
                <div
                  class="react-datepicker__week"
                >
                  <div
                    aria-disabled="false"
                    aria-label="Choose Sunday, October 18th, 2020"
                    class="react-datepicker__day react-datepicker__day--018 react-datepicker__day--keyboard-selected react-datepicker__day--today react-datepicker__day--weekend"
                    role="button"
                    tabindex="0"
                  >
                    18
                  </div>
                  <div
                    aria-disabled="false"
                    aria-label="Choose Monday, October 19th, 2020"
                    class="react-datepicker__day react-datepicker__day--019"
                    role="button"
                    tabindex="-1"
                  >
                    19
                  </div>
                  <div
                    aria-disabled="false"
                    aria-label="Choose Tuesday, October 20th, 2020"
                    class="react-datepicker__day react-datepicker__day--020"
                    role="button"
                    tabindex="-1"
                  >
                    20
                  </div>
                  <div
                    aria-disabled="false"
                    aria-label="Choose Wednesday, October 21st, 2020"
                    class="react-datepicker__day react-datepicker__day--021"
                    role="button"
                    tabindex="-1"
                  >
                    21
                  </div>
                  <div
                    aria-disabled="false"
                    aria-label="Choose Thursday, October 22nd, 2020"
                    class="react-datepicker__day react-datepicker__day--022"
                    role="button"
                    tabindex="-1"
                  >
                    22
                  </div>
                  <div
                    aria-disabled="false"
                    aria-label="Choose Friday, October 23rd, 2020"
                    class="react-datepicker__day react-datepicker__day--023"
                    role="button"
                    tabindex="-1"
                  >
                    23
                  </div>
                  <div
                    aria-disabled="false"
                    aria-label="Choose Saturday, October 24th, 2020"
                    class="react-datepicker__day react-datepicker__day--024 react-datepicker__day--weekend"
                    role="button"
                    tabindex="-1"
                  >
                    24
                  </div>
                </div>
                <div
                  class="react-datepicker__week"
                >
                  <div
                    aria-disabled="false"
                    aria-label="Choose Sunday, October 25th, 2020"
                    class="react-datepicker__day react-datepicker__day--025 react-datepicker__day--weekend"
                    role="button"
                    tabindex="-1"
                  >
                    25
                  </div>
                  <div
                    aria-disabled="false"
                    aria-label="Choose Monday, October 26th, 2020"
                    class="react-datepicker__day react-datepicker__day--026"
                    role="button"
                    tabindex="-1"
                  >
                    26
                  </div>
                  <div
                    aria-disabled="false"
                    aria-label="Choose Tuesday, October 27th, 2020"
                    class="react-datepicker__day react-datepicker__day--027"
                    role="button"
                    tabindex="-1"
                  >
                    27
                  </div>
                  <div
                    aria-disabled="false"
                    aria-label="Choose Wednesday, October 28th, 2020"
                    class="react-datepicker__day react-datepicker__day--028"
                    role="button"
                    tabindex="-1"
                  >
                    28
                  </div>
                  <div
                    aria-disabled="false"
                    aria-label="Choose Thursday, October 29th, 2020"
                    class="react-datepicker__day react-datepicker__day--029"
                    role="button"
                    tabindex="-1"
                  >
                    29
                  </div>
                  <div
                    aria-disabled="false"
                    aria-label="Choose Friday, October 30th, 2020"
                    class="react-datepicker__day react-datepicker__day--030"
                    role="button"
                    tabindex="-1"
                  >
                    30
                  </div>
                  <div
                    aria-disabled="false"
                    aria-label="Choose Saturday, October 31st, 2020"
                    class="react-datepicker__day react-datepicker__day--031 react-datepicker__day--weekend"
                    role="button"
                    tabindex="-1"
                  >
                    31
                  </div>
                </div>
              </div>
            </div>
            <div
              class="react-datepicker__time-container "
            >
              <div
                class="react-datepicker__header react-datepicker__header--time"
              >
                <div
                  class="react-datepicker-time__header"
                >
                  Time
                </div>
              </div>
              <div
                class="react-datepicker__time"
              >
                <div
                  class="react-datepicker__time-box"
                >
                  <ul
                    class="react-datepicker__time-list"
                  >
                    <li
                      class="react-datepicker__time-list-item "
                    >
                      12:00 AM
                    </li>
                    <li
                      class="react-datepicker__time-list-item "
                    >
                      12:15 AM
                    </li>
                    <li
                      class="react-datepicker__time-list-item "
                    >
                      12:30 AM
                    </li>
                    <li
                      class="react-datepicker__time-list-item "
                    >
                      12:45 AM
                    </li>
                    <li
                      class="react-datepicker__time-list-item "
                    >
                      1:00 AM
                    </li>
                    <li
                      class="react-datepicker__time-list-item "
                    >
                      1:15 AM
                    </li>
                    <li
                      class="react-datepicker__time-list-item "
                    >
                      1:30 AM
                    </li>
                    <li
                      class="react-datepicker__time-list-item "
                    >
                      1:45 AM
                    </li>
                    <li
                      class="react-datepicker__time-list-item "
                    >
                      2:00 AM
                    </li>
                    <li
                      class="react-datepicker__time-list-item "
                    >
                      2:15 AM
                    </li>
                    <li
                      class="react-datepicker__time-list-item "
                    >
                      2:30 AM
                    </li>
                    <li
                      class="react-datepicker__time-list-item "
                    >
                      2:45 AM
                    </li>
                    <li
                      class="react-datepicker__time-list-item "
                    >
                      3:00 AM
                    </li>
                    <li
                      class="react-datepicker__time-list-item "
                    >
                      3:15 AM
                    </li>
                    <li
                      class="react-datepicker__time-list-item "
                    >
                      3:30 AM
                    </li>
                    <li
                      class="react-datepicker__time-list-item "
                    >
                      3:45 AM
                    </li>
                    <li
                      class="react-datepicker__time-list-item "
                    >
                      4:00 AM
                    </li>
                    <li
                      class="react-datepicker__time-list-item "
                    >
                      4:15 AM
                    </li>
                    <li
                      class="react-datepicker__time-list-item "
                    >
                      4:30 AM
                    </li>
                    <li
                      class="react-datepicker__time-list-item "
                    >
                      4:45 AM
                    </li>
                    <li
                      class="react-datepicker__time-list-item "
                    >
                      5:00 AM
                    </li>
                    <li
                      class="react-datepicker__time-list-item "
                    >
                      5:15 AM
                    </li>
                    <li
                      class="react-datepicker__time-list-item "
                    >
                      5:30 AM
                    </li>
                    <li
                      class="react-datepicker__time-list-item "
                    >
                      5:45 AM
                    </li>
                    <li
                      class="react-datepicker__time-list-item "
                    >
                      6:00 AM
                    </li>
                    <li
                      class="react-datepicker__time-list-item "
                    >
                      6:15 AM
                    </li>
                    <li
                      class="react-datepicker__time-list-item "
                    >
                      6:30 AM
                    </li>
                    <li
                      class="react-datepicker__time-list-item "
                    >
                      6:45 AM
                    </li>
                    <li
                      class="react-datepicker__time-list-item "
                    >
                      7:00 AM
                    </li>
                    <li
                      class="react-datepicker__time-list-item "
                    >
                      7:15 AM
                    </li>
                    <li
                      class="react-datepicker__time-list-item "
                    >
                      7:30 AM
                    </li>
                    <li
                      class="react-datepicker__time-list-item "
                    >
                      7:45 AM
                    </li>
                    <li
                      class="react-datepicker__time-list-item "
                    >
                      8:00 AM
                    </li>
                    <li
                      class="react-datepicker__time-list-item "
                    >
                      8:15 AM
                    </li>
                    <li
                      class="react-datepicker__time-list-item "
                    >
                      8:30 AM
                    </li>
                    <li
                      class="react-datepicker__time-list-item "
                    >
                      8:45 AM
                    </li>
                    <li
                      class="react-datepicker__time-list-item "
                    >
                      9:00 AM
                    </li>
                    <li
                      class="react-datepicker__time-list-item "
                    >
                      9:15 AM
                    </li>
                    <li
                      class="react-datepicker__time-list-item "
                    >
                      9:30 AM
                    </li>
                    <li
                      class="react-datepicker__time-list-item "
                    >
                      9:45 AM
                    </li>
                    <li
                      class="react-datepicker__time-list-item "
                    >
                      10:00 AM
                    </li>
                    <li
                      class="react-datepicker__time-list-item "
                    >
                      10:15 AM
                    </li>
                    <li
                      class="react-datepicker__time-list-item "
                    >
                      10:30 AM
                    </li>
                    <li
                      class="react-datepicker__time-list-item "
                    >
                      10:45 AM
                    </li>
                    <li
                      class="react-datepicker__time-list-item "
                    >
                      11:00 AM
                    </li>
                    <li
                      class="react-datepicker__time-list-item "
                    >
                      11:15 AM
                    </li>
                    <li
                      class="react-datepicker__time-list-item "
                    >
                      11:30 AM
                    </li>
                    <li
                      class="react-datepicker__time-list-item "
                    >
                      11:45 AM
                    </li>
                    <li
                      class="react-datepicker__time-list-item "
                    >
                      12:00 PM
                    </li>
                    <li
                      class="react-datepicker__time-list-item "
                    >
                      12:15 PM
                    </li>
                    <li
                      class="react-datepicker__time-list-item "
                    >
                      12:30 PM
                    </li>
                    <li
                      class="react-datepicker__time-list-item "
                    >
                      12:45 PM
                    </li>
                    <li
                      class="react-datepicker__time-list-item "
                    >
                      1:00 PM
                    </li>
                    <li
                      class="react-datepicker__time-list-item "
                    >
                      1:15 PM
                    </li>
                    <li
                      class="react-datepicker__time-list-item "
                    >
                      1:30 PM
                    </li>
                    <li
                      class="react-datepicker__time-list-item "
                    >
                      1:45 PM
                    </li>
                    <li
                      class="react-datepicker__time-list-item "
                    >
                      2:00 PM
                    </li>
                    <li
                      class="react-datepicker__time-list-item "
                    >
                      2:15 PM
                    </li>
                    <li
                      class="react-datepicker__time-list-item "
                    >
                      2:30 PM
                    </li>
                    <li
                      class="react-datepicker__time-list-item "
                    >
                      2:45 PM
                    </li>
                    <li
                      class="react-datepicker__time-list-item "
                    >
                      3:00 PM
                    </li>
                    <li
                      class="react-datepicker__time-list-item "
                    >
                      3:15 PM
                    </li>
                    <li
                      class="react-datepicker__time-list-item "
                    >
                      3:30 PM
                    </li>
                    <li
                      class="react-datepicker__time-list-item "
                    >
                      3:45 PM
                    </li>
                    <li
                      class="react-datepicker__time-list-item "
                    >
                      4:00 PM
                    </li>
                    <li
                      class="react-datepicker__time-list-item "
                    >
                      4:15 PM
                    </li>
                    <li
                      class="react-datepicker__time-list-item "
                    >
                      4:30 PM
                    </li>
                    <li
                      class="react-datepicker__time-list-item "
                    >
                      4:45 PM
                    </li>
                    <li
                      class="react-datepicker__time-list-item "
                    >
                      5:00 PM
                    </li>
                    <li
                      class="react-datepicker__time-list-item "
                    >
                      5:15 PM
                    </li>
                    <li
                      class="react-datepicker__time-list-item "
                    >
                      5:30 PM
                    </li>
                    <li
                      class="react-datepicker__time-list-item "
                    >
                      5:45 PM
                    </li>
                    <li
                      class="react-datepicker__time-list-item "
                    >
                      6:00 PM
                    </li>
                    <li
                      class="react-datepicker__time-list-item "
                    >
                      6:15 PM
                    </li>
                    <li
                      class="react-datepicker__time-list-item "
                    >
                      6:30 PM
                    </li>
                    <li
                      class="react-datepicker__time-list-item "
                    >
                      6:45 PM
                    </li>
                    <li
                      class="react-datepicker__time-list-item "
                    >
                      7:00 PM
                    </li>
                    <li
                      class="react-datepicker__time-list-item "
                    >
                      7:15 PM
                    </li>
                    <li
                      class="react-datepicker__time-list-item "
                    >
                      7:30 PM
                    </li>
                    <li
                      class="react-datepicker__time-list-item "
                    >
                      7:45 PM
                    </li>
                    <li
                      class="react-datepicker__time-list-item "
                    >
                      8:00 PM
                    </li>
                    <li
                      class="react-datepicker__time-list-item "
                    >
                      8:15 PM
                    </li>
                    <li
                      class="react-datepicker__time-list-item "
                    >
                      8:30 PM
                    </li>
                    <li
                      class="react-datepicker__time-list-item "
                    >
                      8:45 PM
                    </li>
                    <li
                      class="react-datepicker__time-list-item "
                    >
                      9:00 PM
                    </li>
                    <li
                      class="react-datepicker__time-list-item "
                    >
                      9:15 PM
                    </li>
                    <li
                      class="react-datepicker__time-list-item "
                    >
                      9:30 PM
                    </li>
                    <li
                      class="react-datepicker__time-list-item "
                    >
                      9:45 PM
                    </li>
                    <li
                      class="react-datepicker__time-list-item "
                    >
                      10:00 PM
                    </li>
                    <li
                      class="react-datepicker__time-list-item "
                    >
                      10:15 PM
                    </li>
                    <li
                      class="react-datepicker__time-list-item "
                    >
                      10:30 PM
                    </li>
                    <li
                      class="react-datepicker__time-list-item "
                    >
                      10:45 PM
                    </li>
                    <li
                      class="react-datepicker__time-list-item "
                    >
                      11:00 PM
                    </li>
                    <li
                      class="react-datepicker__time-list-item "
                    >
                      11:15 PM
                    </li>
                    <li
                      class="react-datepicker__time-list-item "
                    >
                      11:30 PM
                    </li>
                    <li
                      class="react-datepicker__time-list-item "
                    >
                      11:45 PM
                    </li>
                  </ul>
                </div>
              </div>
            </div>
          </div>
        </div>
      </div>
      <div
        class="MuiGrid-root MuiGrid-container"
        style="text-align: center; display: block;"
      >
        <button
          class="MuiButtonBase-root MuiButton-root MuiButton-contained"
          tabindex="0"
          type="button"
        >
          <span
            class="MuiButton-label"
          >
            Submit
          </span>
          <span
            class="MuiTouchRipple-root"
          />
        </button>
      </div>
    </div>
  </form>
</DocumentFragment>
`;
